[    0000] Initializngcgup subysput
[   .0000]nializincgup subsy c
    0.000000] Initializing cgroup subsys cpuacct
[   0000] Linux version 4.4.0-98-generic (buildd@lcy01-03) (gcc version 5.4.0 20160609 (Ubuntu 5.4.0-6ubuntu1~16.04.4) ) #121-Ubuntu SMP Tue Oct 10 14:24:03 UTC 2017 (Ubuntu 4.4.0-98.121-generic 4.4.90)
[   00000] Command line: BOOT_IMAGE=/boot/vmlinuz-4.4.0-98-generic root=LABEL=cloudimg-rootfs ro console=tty1 console=ttyS0
[    0.000000] KERNEL supported cpus:
[    0.000000]   Intel GenuineIntel
[    0.000000]   AMD AuthenticAMD
[    0.000000]   Centaur CentaurHauls
[    0.000000] x86/fpu: xstate_offset[2]:  576, xstate_sizes[2]:  256
[    0.000000] x86/fpu: Supporting XSAVE feature 0x01: 'x87 floating point registers'
[    0.0000 x86/fpu: Spptig XSAVE feature 0x02: 'SSE registers'
[    0.000000] x86/fpu: Supporting XSAVE feature 0x04: 'AVX registers'
[    0.000000] x86/fpu: Enabedstte ftus 0x7,onxt siz is 83 bytes, uin'sandard' format.
[    0.000000] x86/fpu: Using 'lazy' FPU context switches.
[    0.000000] e820: BIOS-provided physical RAM map:
[    0.000000] BIOS-e820: [mem 0x0000000000000000-0x000000000009fbff] usable
[    0.000000] BIOS-e820: [mem 0x000000000009fc00-0x000000000009ffff] reserved
[    0.000000] BIOS-e820: [mem 0x00000000000f0000-0x00000000000fffff] reserved
[    0.000000] BIOS-e820: [mem 0x0000000000100000-0x00000000bffeffff] usable
[    0.000000] BIOS-e820: [mem 0x00000000bfff0000-0x00000000bfffffff] ACPI data
[    0.000000] BIOS-e820: [mem 0x00000000fec00000-0x00000000fec00fff] reserved
[    0.000000] BIOS-e820: [mem 0x00000000fee00000-0x00000000fee00fff] reserved
[    0.000000] BIOS-e820: [mem 0x00000000fffc0000-0x00000000ffffffff] reserved
[    0.000000] NX (Execute Disable) protection: active
[    0.000000] SMBIOS 2.5 present.
[    0.000000] Hypervisor detected: KVM
[    0.000000] e820: last_pfn = 0xbfff0 max_arch_fn = 0x4000000
   000000] MTRR:Disabled[    0000] x/P: TRRsisled, skipping PAT initialization too.
[    0.000000] CPU MTRRs all blank - virtualized system.
[    0.000000] x86/PAT: Configuration [0-7]: WB  WT  UC- UC  WB  WT  UC- UC  
[    0.000000] found SMP MP-table at [mem 0x0009fff0-0x0009ffff] mapped at [ffff88000009fff0]
[    0.000000] Scanning 1 areas for low memory corruption
[    0.000000] RAMDISK: [mem 0x36ae6000-0x3756afff]
[    0.000000] ACPI: Early table checksum verification disabled
[    0.000000] ACPI: RSDP 0x00000000000E0000 000024 (v02 VBOX  )
[    0.000000] ACPI: XSDT 0x00000000BFFF0030 00003C (v01 VBOX   VBOXXSDT 00000001 ASL  00000061)
[    0.000000] ACPI: FACP 0x00000000BFFF00F0 0000F4 (v04 VBOX   VBOXFACP 00000001 ASL  00000061)
[    0.000000] ACPI: DSDT 0x00000000BFFF0470 0021FF (v02 VBOX   VBOXBIOS 00000002 INTL 20170929)
[    0.000000] ACPI: FACS 0x00000000BFFF0200 000040
[    0.000000] ACPI: FACS 0x00000000BFFF0200 000040
[    0.000000] ACPI: APIC 0x00000000BFFF0240 00005C (v02 VBOX   VBOXAPIC 00000001 ASL  00000061)
[    0.000000] ACPI: SSDT 0x00000000BFFF02A0 0001CC (v01 VBOX   VBOXCPUT 00000002 INTL 20170929)
[    0.000000] No NUMA configuration found
[    0.000000] Faking a node at [mem 0x0000000000000000-0x00000000bffeffff]
[    0.000000] NODE_DATA(0) allocated [mem 0xbffeb000-0xbffeffff]
[    0.000000] kvm-clock: Using msrs 4b564d01 and 4b564d00
[    0.000000] kvm-clock: cpu 0, msr 0:bffe3001, primary cpu clock
[    0.000000] kvm-clock: using sched offset of 5117018047 cycles
[    0.000000] clocksource: kvm-clock: mask: 0xffffffffffffffff max_cycles: 0x1cd42e4dffb, max_idle_ns: 881590591483 ns
[    0.000000] Zone ranges:
[    0.000000]   DMA      [mem 0x0000000000001000-0x0000000000ffffff]
[    0.000000]   DMA32    [mem 0x0000000001000000-0x00000000bffeffff]
[    0.000000]   Normal   empty
[    0.000000]   Device   empty
[    0.000000] Movable zone start for each node
[    0.000000] Early memory node ranges
[    0.000000]   node   0: [mem 0x0000000000001000-0x000000000009efff]
[    0.000000]   node   0: [mem 0x0000000000100000-0x00000000bffeffff]
[    0.000000] Initmem setup node 0 mem 0x0000000000001000-0x00000000bffeffff]
[    0.000000] ACPI: PM-Timer IO Port: 0x4008
[    0.000000] IOAPIC[0]: apic_id 2, version 32, address 0xfec00000, GSI 0-23
[    0.000000] ACPI: INT_SRC_OVR (bus 0 bus_irq 0 global_irq 2 dfl dfl)
[    0.000000] ACPI: INT_SRC_OVR (bus 0 bus_irq 9 global_irq 9 low level)
[    0.000000] Using ACPI (MADT) for SMP configuration information
[    0.000000] smpboot: Allowing 2 CPUs, 0 hotplug CPUs
[    0.000000] PM: Registered nosave memory: [mem 0x00000000-0x00000fff]
[    0.000000] PM: Registered nosave memory: [mem 0x0009f000-0x0009ffff]
[    0.000000] PM: Registered nosave memory: [mem 0x000a0000-0x000effff]
[    0.000000] PM: Registered nosave memory: [mem 0x000f0000-0x000fffff]
[  0.000000] e820: [mem 0xc0000000-0xfebfffff] available for PCI devices
[    0.000000] Booting paravirtualized kernel on KVM
[    0.000000] clocksource: refined-jiffies: mask: 0xffffffff max_cycles: 0xffffffff, max_idle_ns: 7645519600211568 ns
[    0.000000] setup_percpu: NR_CPUS:512 nr_cpumask_bits:512 nr_cpu_ids:2 nr_node_ids:1
[    0.000000] PERCPU: Embedded 34 pages/cpu @ffff8800bfa00000 s98328 r8192 d32744 u1048576
[    0.000000] PV  qspinlock hash table entries: 256 (order: 0, 4096 bytes)
[    0.000000] Built 1 zonelists in Node order, mobility grouping on.  Total pages: 774009
[    0.000000] Policy zone: DMA32
[    0.000000] Kernel command line: BOOT_IMAGE=/boot/vmlinuz-4.4.0-98-generic root=LABEL=cloudimg-rootfs ro console=tty1 console=ttyS0
[    0.000000] PID hash table entries: 4096 (order: 3, 32768 bytes)
[    0.000000] Memory: 3066180K/3145272K available (8484K kernel code, 1294K rwdata, 3988K rodata, 1492K init, 1316K bss, 79092K reserved, 0K cma-reserved)
[    0.000000] SLUB: HWalign=64, Order=0-3, MinObjects=0, CPUs=2, Nodes=1
[    0.000000] Hierarchical RCU implementation.
[    0.000000] 	Build-time adjustment of leaf fanout to 64.
[    0.000000] 	RCU restricting CPUs from NR_CPUS=512 to nr_cpu_ids=2.
[    0.000000] RCU: Adjusting geometry for rcu_fanout_leaf=64, nr_cpu_ids=2
[    0.000000] NR_IRQS:33024 nr_irqs:440 16
[    0.000000] Console: colour VGA+ 80x25
[    0.000000] console [tty1] enabled
[    0.000000] console [ttyS0] enabled
[    0.000000] tsc: Detected 3575.410 MHz processor
[    1.489759] Calibrating delay loop (skipped) preset value.. 7150.82 BogoMIPS (lpj=14301640)
[    1.491060] pid_max: default: 32768 minimum: 301
[    1.491757] ACPI: Core revision 20150930
[   1.493106] ACPI: 2 ACPI AML tables successfully quired and loaded
[    1.526311] Security Framework initialized
[    1.526941] Yama: becoming mindful.
[    1.536634] AppArmor: AppArmor initialized
[    1.544814] Dentry cache hash table entries: 524288 (order: 10, 4194304 bytes)
[    1.553259] Inode-cache hash table entries: 262144 (order: 9, 2097152 bytes)
[    1.604242] Mount-cache hash table entries: 8192 (order: 4, 65536 bytes)
[    1.605278] Mountpoint-cache hash table entries: 8192 (order: 4, 65536 bytes)
[    1.606741] Initializing cgroup subsys io
[    1.607594] Initializing cgroup subsys memory
[    1.608488] Initializing cgroup subsys devices
[    1.609388] Initializing cgroup subsys freezer
[    1.610320] Initializing cgroup subsys net_cls
[    1.635672] Initializing cgroup subsys perf_event
[    1.669192] Initializing cgroup subsys net_prio
[    1.673627] Initializing cgroup subsys hugetlb
[    1.689785] Initializing cgroup subsys pids
[    1.719948] CPU: Physical Processor ID: 0
[    1.724835] CPU: Processor Core ID: 0
[    1.758941] mce: CPU supports 0 MCE banks
[    1.764554] Last level iTLB entries: 4KB 1024, 2MB 1024, 4MB 1024
[    1.767268] Last level dTLB entries: 4KB 1024, 2MB 1024, 4MB 1024, 1GB 4
[    1.789658] Freeing SMP alternatives memory: 32K
[    1.859782] ftrace: allocating 32154 entries in 126 pages
[    1.919228] smpboot: APIC(0) Converting physical 0 to logical package 0
[    1.928235] smpboot: Max logical packages: 1
[    1.935088] x2apic enabled
[    1.935763] Switched APIC routing to physical x2apic.
[    1.937356] ..TIMER: vector=0x30 apic1=0 pin1=2 apic2=-1 pin2=-1
[    2.117761] APIC calibration not consistent with PM-Timer: 98ms instead of 100ms
[    2.210099] APIC delta adjusted to PM-Timer: 6250013 (6155937)
[    2.212010] smpboot: CPU0: Intel(R) Xeon(R) CPU E5-1650 v3 @ 3.50GHz (family: 0x6, model: 0x3f, stepping: 0x2)
[    2.233301] Performance Events: unsupported p6 CPU model 63 no PMU driver, software events only.
[    2.234704] KVM setup paravirtual spinlock
[    2.236376] x86: Booting SMP configuration:
[    2.256811] .... node  #0, CPUs:      #1
[    2.257547] kvm-clock: cpu 1, msr 0:bffe3041, secondary cpu clock
[    2.259202] mce: CPU supports 0 MCE banks
[    2.265350] x86: Booted up 1 node, 2 CPUs
[    2.266158] smpboot: Total of 2 processors activated (14301.64 BogoMIPS)
[    2.267381] devtmpfs: initialized
[    2.271030] evm: security.selinux
[    2.272670] evm: security.SMACK64
[    2.286922] evm: security.SMACK64EXEC
[    2.300750] evm: security.SMACK64TRANSMUTE
[    2.304693] evm: security.SMACK64MMAP
[    2.306650] evm: security.ima
[    2.307340] evm: security.capability
[    2.322766] clocksource: jiffies: mask: 0xffffffff max_cycles: 0xffffffff, max_idle_ns: 7645041785100000 ns
[    2.324542] futex hash table entries: 512 (order: 3, 32768 bytes)
[    2.325824] pinctrl core: initialized pinctrl subsystem
[    2.326922] RTC time: 11:31:55, date: 11/16/17
[    2.327995] NET: Registered protocol family 16
[    2.337355] cpuidle: using governor ladder
[    2.396084] cpuidle: using governor menu
[    2.410343] PCCT header not found.
[    2.411012] ACPI: bus type PCI registered
[    2.411696] acpiphp: ACPI Hot Plug PCI Controller Driver version: 0.5
[    2.412741] PCI: Using configuration type 1 for base access
[    2.424288] ACPI: Added _OSI(Module Device)
[    2.426655] ACPI: Added _OSI(Processor Device)
[    2.428099] ACPI: Added _OSI(3.0 _SCP Extensions)
[    2.429583] ACPI: Added _OSI(Processor Aggregator Device)
[    2.432454] ACPI: Executed 1 blocks of module-level executable AML code
[    2.437990] ACPI: Interpreter enabled
[    2.439095] ACPI: (supports S0 S5)
[    2.444958] ACPI: Using IOAPIC for interrupt routing
[    2.445858] PCI: Using host bridge windows from ACPI; if necessary, use "pci=nocrs" and report a bug
[    2.449993] ACPI: PCI Root Bridge [PCI0] (domain 0000 [bus 00-ff])
[    2.450961] acpi PNP0A03:00: _OSC: OS supports [ASPM ClockPM Segments MSI]
[    2.451984] acpi PNP0A03:00: _OSC: not requesting OS control; OS requires [ExtendedConfig ASPM ClockPM MSI]
[    2.453503] acpi PNP0A03:00: fail to add MMCONFIG information, can't access extended PCI configuration space under this bridge.
[    2.455400] PCI host bridge to bus 0000:00
[    2.456092] pci_bus 0000:00: root bus resource [io  0x0000-0x0cf7 window]
[    2.457084] pci_bus 0000:00: root bus resource [io  0x0d00-0xffff window]
[    2.458076] pci_bus 0000:00: root bus resource [mem 0x000a0000-0x000bffff window]
[    2.459324] pci_bus 0000:00: root bus resource [mem 0xc0000000-0xfdffffff window]
[    2.460561] pci_bus 0000:00: root bus resource [bus 00-ff]
[    2.462449] pci 0000:00:01.1: legacy IDE quirk: reg 0x10: [io  0x01f0-0x01f7]
[    2.465364] pci 0000:00:01.1: legacy IDE quirk: reg 0x14: [io  0x03f6]
[    2.466330] pci 0000:00:01.1: legacy IDE quirk: reg 0x18: [io  0x0170-0x0177]
[    2.469304] pci 0000:00:01.1: legacy IDE quirk: reg 0x1c: [io  0x0376]
[    2.510677] pci 0000:00:07.0: quirk: [io  0x4000-0x403f] claimed by PIIX4 ACPI
[    2.543614] pci 0000:00:07.0: quirk: [io  0x4100-0x410f] claimed by PIIX4 SMB
[    2.560214] ACPI: PCI Interrupt Link [LNKA] (IRQs 5 9 10 *11)
[    2.574769] ACPI: PCI Interrupt Link [LNKB] (IRQs 5 9 *10 11)
[    2.576999] ACPI: PCI Interrupt Link [LNKC] (IRQs 5 *9 10 11)
[    2.583546] ACPI: PCI Interrupt Link [LNKD] (IRQs 5 9 10 *11)
[    2.590108] ACPI: Enabled 2 GPEs in block 00 to 07
[    2.592517] vgaarb: setting as boot device: PCI:0000:00:02.0
[    2.594430] vgaarb: device added: PCI:0000:00:02.0,decodes=io+mem,owns=io+mem,locks=none
[    2.624991] vgaarb: loaded
[    2.642397] vgaarb: bridge control possible 0000:00:02.0
[    2.667123] SCSI subsystem initialized
[    2.673222] ACPI: bus type USB registered
[    2.679187] usbcore: registered new interface driver usbfs
[    2.685287] usbcore: registered new interface driver hub
[    2.690890] usbcore: registered new device driver usb
[    2.697242] PCI: Using ACPI for IRQ routing
[    2.705563] NetLabel: Initializing
[    2.711051] NetLabel:  domain hash size = 128
[    2.713482] NetLabel:  protocols = UNLABELED CIPSOv4
[    2.715704] NetLabel:  unlabeled traffic allowed by default
[    2.718076] amd_nb: Cannot enumerate AMD northbridges
[    2.721882] clocksource: Switched to clocksource kvm-clock
[    2.743306] AppArmor: AppArmor Filesystem Enabled
  2.35] p:nPCPin
   32671] np P ACPI: found 3 devices

[  3585]losoceac_pm: mask: 0xffffff max_cycles: 0xffffff, max_idle_ns: 2085701024 ns
[   9265NE Risreproc fil2
[    4.416777] TCP established hash table entries: 32768 (order: 6, 262144 bytes)
[    4.525590] TCP bind hash table entries: 32768 (order: 7, 524288 bytes)
[    4.535209] TCP: Hash tables configured (established 32768 bind 32768)
[    4.536083] UDP hash table entries: 2048 (order: 4, 65536 bytes)
[    4.536906] UDP-Lite hash table entries: 2048 (order: 4, 65536 bytes)
[    4.538406] NET: Registered protocol family 1
[    4.539635] pci 0000:00:00.0: Limiting direct PCI/PCI transfers
[  4409]ci000:00:01.0: Activating ISA DMA hang workarounds
[   8298Unckg itmf..
[    6.642724] Freeing initrd memory: 10772K
[    6.658661] RAPL PMU detected, API unit is 2^-32 Joules, 3 fixed counters 10737418240 ms ovfl timer
[    6.664166] hw unit of domain pp0-core 2^-0 Joules
[    6.665112] hw unit of domain package 2^-0 Joules
[    6.666064] hw unit of domain dram 2^-16 Joules
[    6.667040] platform rtc_cmos: registered platform RTC device (no PNP device found)
[    6.668615] Scanning for low memory corruption every 60 seconds
[    6.670249] audit: initializing netlink subsys (disabled)
[    6.683477] audit: type=2000 audit(1510831924.126:1): initialized
[    6.687460] Initialise system trusted keyring
[    6.690899] HugeTLB registered 2 MB page size, pre-allocated 0 pages
[    6.709446] zbud: loaded
[    6.712167] VFS: Disk quotas dquot_6.6.0
[    6.720008] VFS: Dquot-cache hash table entries: 512 (order 0, 4096 bytes)
[    6.723852] squashfs: version 4.0 (2009/01/31) Phillip Lougher
[    6.730317] fuse init (API version 7.23)
[    6.731069] Key type big_key registered
[    6.731655] Allocating IMA MOK and blacklist keyrings.
[    6.733197] Key type asymmetric registered
[    6.734891] Asymmetric key parser 'x509' registered
[    6.735586] Block layer SCSI generic (bsg) driver version 0.4 loaded (major 249)
[    6.743718] io scheduler noop registered
[    6.744303] io scheduler deadline registered (default)
[    6.745011] io scheduler cfq registered
[    6.775475] pci_hotplug: PCI Hot Plug PCI Core version: 0.5
[    6.778583] pciehp: PCI Express Hot Plug Controller Driver version: 0.4
[    6.782742] ACPI: AC Adapter [AC] (on-line)
[    6.786469] input: Power Button as /devices/LNXSYSTM:00/LNXPWRBN:00/input/input0
[    6.791468] ACPI: Power Button [PWRF]
[    6.798254] input: Sleep Button as /devices/LNXSYSTM:00/LNXSLPBN:00/input/input1
[    6.802296] ACPI: Sleep Button [SLPF]
[    6.803030] GHES: HEST is not enabled!
[    6.806510] Serial: 8250/16550 driver, 32 ports, IRQ sharing enabled
[    6.831017] 00:02: ttyS0 at I/O 0x3f8 (irq = 4, base_baud = 115200) is a 16550A
[    6.839504] Linux agpgartntrfe .1
[    7.063454] loop: module loaded
[    7.072516] scsi host0: ata_piix
[    7.076907] scsi host1: ata_piix
[    7.079340] ata1: PATA max UDMA/33 cmd 0x1f0 ctl 0x3f6 bmdma 0xd000 irq 14
[    7.102364] ata2: PATA max UDMA/33 cmd 0x170 ctl 0x376 bmdma 0xd008 irq 15
[    7.110175] libphy: Fixed MDIO Bus: probed
[    7.112260] tun: Universal TUN/TAP device driver, 1.6
[    7.141423] tun: (C) 1999-2004 Max Krasnyansky <maxk@qualcomm.com>
[    7.199986] PPP generic driver version 2.4.2
[    7.258735] ehci_hcd: USB 2.0 'Enhanced' Host Controller (EHCI) Driver
[    7.278456] ehci-pci: EHCI PCI platform driver
[    7.365955] ehci-platform: EHCI generic platform driver
[    7.493504] ohci_hcd: USB 1.1 'Open' Host Controller (OHCI) Driver
[    7.494476] ohci-pci: OHCI PCI platform driver
[    7.501772] ohci-platform: OHCI generic platform driver
[    7.658936] uhci_hcd: USB Unieersal Host Controller Interface driver
[    7.668339] clocksource: tsc: mask: 0xffffffffffffffff max_cycles: 0x33899690cb2, max_idle_ns: 440795352366 ns
[    7.913631] i8042: PNP: PS/2 Controller [PNP0303:PS2K,PNP0f03:PS2M] at 0x60,0x64 irq 1,12
[    7.915682] serio: i8042 KBD port at 0x60,0x64 irq 1
[    7.932665] serio: i8042 AUX port at 0x60,0x64 irq 12
[    7.952404] mousedev: PS/2 mouse device common for all mice
[    7.953618] input: AT Translated Set 2 keyboard as /devices/platform/i8042/serio0/input/input2
[    7.954974] rtc_cmos rtc_cmos: rtc core: registered rtc_cmos as rtc0
[    7.956163] rtc_cmos rtc_cmos: alarms up to one day, 114 bytes nvram
[    7.957314] i2c /dev entries driver
[    7.979245] device-mapper: uevent: version 1.0.3
[    7.980317] device-mapper: ioctl: 4.34.0-ioctl (2015-10-28) initialised: dm-devel@redhat.com
[    7.983600] ledtrig-cpu: registered to indicate activity on CPUs
[    7.985213] NET: Registered protocol family 10
[    7.986387] NET: Registered protocol family 17
[    7.994902] Key type dns_resolver registered
[    8.041057] microcode: CPU0 sig=0x306f2, pf=0x40, revision=0x0
[    8.075409] microcode: CPU1 sig=0x306f2, pf=0x40, revision=0x0
[    8.079496] microcode: Microcode Update Driver: v2.01 <tigran@aivazian.fsnet.co.uk>, Peter Oruba
[    8.086342] registered taskstats version 1
[    8.094491] Loading compiled-in X.509 certificates
[   0961 LdeX.ce ldiauogenerated kernel key: 7431eaeda5a51458aeb00f8de0f18f89e178d882'
[    8.684111] zswap: loaded using pool lzo/zbud
[    8.688884] Key type trusted registered
[    8.694640] Key type encrypted registered
[    8.699115] AppArmor: AppArmor sha1 policy hashing enabled
[    8.700653] ima: No TPM chip found, activating TPM-bypass!
[    8.701619] evm: HMAC attrs: 0x1
[    8.703527]   Magic number: 9:875:529
[    8.706567] rtc_cmos rtc_cmos: setting system clock to 2017-11-16 11:32:02 UTC (1510831922)
[    8.713037] BIOS EDD facility v0.16 2004-Jun-25, 0 devices found
[    8.715480] EDD information not available.
[    8.719792] Freeing unused kernel memory: 1492K
[    8.721336] Write protecting the kernel read-only data: 14336k
[    8.727473] Freeing unused kernel memory: 1744K
[    8.732083] Freeing unused kernel memory: 108K
Loading, please wait...
starting version[    8.746092] random: systemd-udevd: uninitialized urandom read (16 bytes read, 2 bits of entropy available)
 229
[    8.746629] random: udevadm: uninitialized urandom read (16 bytes read, 2 bits of entropy available)
[    8.746646] random: udevadm: uninitialized urandom read (16 bytes read, 2 bits of entropy available)
[    8.753430] random: udevadm: uninitialized urandom read (16 bytes read, 2 bits of entropy available)
[    8.753456] random: udevadm: uninitialized urandom read (16 bytes read, 2 bits of entropy available)
[    8.753538] random: udevadm: uninitialized urandom read (16 bytes read, 2 bits of entropy available)
[    8.753568] random: udevadm: uninitialized urandom read (16 bytes read, 2 bits of entropy available)
[    8.753597] random: udevadm: uninitialized urandom read (16 bytes read, 2 bits of entropy available)
[    8.753625] random: udevadm: uninitialized urandom read (16 bytes read, 2 bits of entropy available)
[    8.753657] random: udevadm: uninitialized urandom read (16 bytes read, 2 bits of entropy available)
[    9.062192] e1000: Intel(R) PRO/1000 Network Driver - version 7.3.21-k8-NAPI
[    9.075528] e1000: Copyright (c) 1999-2006 Intel Corporation.
[    9.079984] Fusion MPT base driver 3.04.20
[    9.082634] Copyright (c) 1999-2008 LSI Corporation
[    9.087059] Fusion MPT SPI Host driver 3.04.20
[    9.178395] AVX2 version of gcm_enc/dec engaged.
[    9.186666] AES CTR mode by8 optimization enabled
[    9.303717] input: ImExPS/2 Generic Explorer Mouse as /devices/platform/i8042/serio1/input/input4
[    9.508707] e1000 0000:00:03.0 eth0: (PCI:33MHz:32-bit) 02:eb:a5:7d:f3:dc
[    9.683517] e1000 0000:00:03.0 eth0: Intel(R) PRO/1000 Network Connection
[    9.685952] e1000 0000:00:03.0 enp0s3: renamed from eth0
[    9.686537] mptbase: ioc0: Initiating bringup
[    9.758259] ioc0: LSI53C1030 A0: Capabilities={Initiator}
[   10.151748] scsi host2: ioc0: LSI53C1030 A0, FwRev=00000000h, Ports=1, MaxQ=256, IRQ=20
[   10.270296] scsi 2:0:0:0: Direct-Access     VBOX     HARDDISK         1.0  PQ: 0 ANSI: 5
[   10.275400] scsi target2:0:0: Beginning Domain Validation
[   10.296440] scsi target2:0:0: Domain Validation skipping write tests
[   10.306860] scsi target2:0:0: Ending Domain Validation
[   10.310243] scsi target2:0:0: asynchronous
[   10.312908] scsi 2:0:1:0: Direct-Access     VBOX     HARDDISK         1.0  PQ: 0 ANSI: 5
[   10.323344] scsi target2:0:1: Beginning Domain Validation
[   10.325207] scsi target2:0:1: Domain Validation skipping write tests
[   10.327751] scsi target2:0:1: Ending Domain Validation
[   10.329141] scsi target2:0:1: asynchronous
[   10.334638] sd 2:0:0:0: [sda] 20971520 512-byte logical blocks: (10.7 GB/10.0 GiB)
[   10.354765] sd 2:0:0:0: Attached scsi generic sg0 type 0
[   10.361217] sd 2:0:1:0: Attached scsi generic sg1 type 0
[   10.362314] sd 2:0:1:0: [sdb] 20480 512-byte logical blocks: (10.5 MB/10.0 MiB)
[   10.362654] sd 2:0:1:0: [sdb] Write Protect is off
[   10.362875] sd 2:0:1:0: [sdb] Incomplete mode parameter data
[   10.362879] sd 2:0:1:0: [sdb] Assuming drive cache: write through
[   10.362962] sd 2:0:0:0: [sda] Write Protect is off
[   10.363761] sd 2:0:0:0: [sda] Incomplete mode parameter data
[   10.363764] sd 2:0:0:0: [sda] Assuming drive cache: write through
[   10.471893]  sda: sda1
[   10.628568] sd 2:0:0:0: [sda] Attached SCSI disk
[   10.681114] sd 2:0:1:0: [sdb] Attached SCSI disk
[   12.077976] floppy0: no floppy controllers found
Begin: Loading e[   13.487870] md: linear personality registered for level -1
ssential drivers ... [   13.574169] md: multipath personality registered for level -4
[   13.579901] md: raid0 personality registered for level 0
[   13.661073] md: raid1 personality registered for level 1
[   13.841995] raid6: sse2x1   gen()  9760 MB/s
[   14.029900] raid6: sse2x1   xor()  8999 MB/s
[   14.104330] raid6: sse2x2   gen() 15183 MB/s
[   14.177998] raid6: sse2x2   xor()  9865 MB/s
[   14.246005] raid6: sse2x4   gen() 16757 MB/s
[   14.397128] raid6: sse2x4   xor() 12189 MB/s
[   14.546005] raid6: avx2x1   gen() 18488 MB/s
[   14.617999] raid6: avx2x2   gen() 25255 MB/s
[   14.733902] raid6: avx2x4   gen() 29166 MB/s
[   14.745153] raid6: using algorithm avx2x4 gen() 29166 MB/s
[   14.786161] raid6: using avx2x2 recovery algorithm
[   14.798462] xor: automatically using best checksumming function:
[   15.418321]    avx       : 40038.000 MB/sec
[   15.865401] async_tx: api initialized (async)
[   15.896584] md: raid6 personality registered for level 6
[   16.044813] md: raid5 personality registered for level 5
[   16.158280] md: raid4 personality registered for level 4
[   16.179796] md: raid10 personality registered for level 10
done.
Begin: Running /scripts/init-premount ... done.
Begin: Mounting root file system ... Begin: Running /scripts/local-top ... done.
Begin: Running /scripts/local-premount ... [   16.207693] Btrfs loaded
Scanning for Btrfs filesystems
done.
Warning: fsck not present, so skipping root file system
[   16.601967] EXT4-fs (sda1): mounted filesystem with ordered data mode. Opts: (null)
done.
Begin: Running /scripts/local-bottom ... done.
Begin: Running /scripts/init-bottom ... done.
[   18.025232] random: nonblocking pool is initialized
[   19.074854] systemd[1]: systemd 229 running in system mode. (+PAM +AUDIT +SELINUX +IMA +APPARMOR +SMACK +SYSVINIT +UTMP +LIBCRYPTSETUP +GCRYPT +GNUTLS +ACL +XZ -LZ4 +SECCOMP +BLKID +ELFUTILS +KMOD -IDN)
[   19.170260] systemd[1]: Detected virtualization oracle.
[   19.214413] systemd[1]: Detected architecture x86-64.

Welcome to [1mUbuntu 16.04.3 LTS[0m!

[   19.292769] systemd[1]: Set hostname to <ubuntu>.
[  1.36139] systemd[1]: Initializing machine ID from random generator.
[   19.409871] systemd[1]: Installed transient /etc/machine-id file.
[ 20571]ysemd[1]: Listening on LVM2 metadata dasocket.
[[0;32m  OK  [0m] Listening on LVM2 metadata daemon socket.
[   20.698485] systemd[1]: Listening on udev Control Socket.
[[0;32m  OK  [0m] Listening on udev Control Socket.
[ 21.119901] systemd[1]: Listening on udev Kernel Socket.
[[0;32m  OK  [0m] Listening on udev Kernel Socket.
[   21252679] systemd[1]: Listening on Journal Socket (/dev/log).
[[0;32m  OK  [0m] Listening on Journal Socket (/dev/log).
[   21.528369] systemd[1]: Listening on Journal Socket.
[[0;32m  OK  [0m] Listening on Journal Socket.
[   21.530703] systemd[1]: Listening on /dev/initctl Compatibility Named Pipe.
[[0;32m  OK  [0m] Listening on /dev/initctl Compatibility Named Pipe.
[   21.656102] systemd[1]: Listening on Device-mapper event daemon FIFOs.
[[0;32m  OK  [0m] Listening on Device-mapper event daemon FIFOs.
[   21.662528] systemd[1]: Reach tgeUs a GupamLoup
[[0;32m  OK  [0m] Reached target User and Group Name Lookups.
[   22.129492] systemd[1]: Created slice User and Session Slice.
[[0;32m  OK  [0m] Created slice User and Session Slice.
[ 2250] ystemd[1]: Listening on Journal Audit Socket.
[[0;32m  OK  [0m] Listening on Journal Audit Socket.
[   22.358828] systemd[1]: Listening on Syslog Socket.
[[0;32m  OK  [0m] Listening on Syslog Socket.
[   22.36208] stmd[1]: Reached target Swap.
[[0;32m  OK  [0m] Reached target Swap.
[   22.475178] systemd[1]: Created slice System Slice.
[[0;32m  OK  [0m] Created slice System Slice.
[   22.490221] systemd[1]: Starting Monitoring of LVM2 mirrors, snapshots etc. using dmeventd or progress polling...
         Starting Monitoring of LVM2 mirrors... dmeventd or progress polling...
[   22.586134] systemd[1]: Starting Remount Root and Kernel File Systems...
         Starting Remount Root and Kernel File Systems...
[   22.746548] EXT4-fs (sda1): re-mounted. Opts: (null)
[   22.794284] systemd[1]: Starting Load Kernel Modules...
         Starting Load Kernel Modules...
[   22.861775] systemd[1]: Starting Create list of required static device nodes for the current kernel...
         Starting Create list of required st... nodes for the current kernel...
[   22.910326] systemd[1]: Starting Journal Service...
         Starting Journal Service...
[   22.927114] systemd[1]: Mounting POSIX Message Queue File System...
         Mounting POSIX Message Queue File System...
[   22.959074] systemd[1]: Starting Set console keymap...
         Starting Set console keymap...
[   22.965126] systemd[1]: Mounting Huge Pages File System...
         Mounting Huge Pages File System...
[   22.970016] systemd[1]: Reached target Slices.
[[0;32m  OK  [0m] Reached target Slices.
[   22.972731] systemd[1]: Started Trigger resolvconf update for networkd DNS.
[[0;32m  OK  [0m] Started Trigger resolvconf update for networkd DNS.
[   23.026030] systemd[1]: Mounting Debug File System...
         Mounting Debug File System...
[   23.037075] systemd[1]: Listening on LVM2 poll daemon socket.
[[0;32m  OK  [0m] Listening on LVM2 poll daemon socket.
[   23.040942] systemd[1]: Started Forward Password Requests to Wall Directory Watch.
[[0;32m  OK  [0m] Started Forward Password Requests to Wall Directory Watch.
[   23.045946] systemd[1]: Set up automount Arbitrary Executable File Formats File System Automount Point.
[[0;32m  OK  [0m] Set up automount Arbitrary Executab...ats File System Automount Point.
[   23.062805] systemd[1]: Created slice system-serial\x2dgetty.slice.
[[0;32m  OK  [0m] Created slice system-serial\x2dgetty.slice.
[   23.082148] systemd[1]: Starting Uncomplicated firewall...
         Starting Uncomplicated firewall...
[   23.286274] systemd[1]: Starting Nameserver information manager...
         Startin[   23.428542] Loading iSCSI transport class v2.0-870.
g Nameserver information manager...
[   23.490392] systemd[1]: Reached target Encrypted Volumes.
[[0;32m  OK  [0m] Reached target Encrypted Volumes.
[   23.495084] systemd[1]: Mounted POSIX Message Queue File System.
[[0;32m  OK  [0m] Mounted POSIX Message Queue File System.
[   23.510149] systemd[1]: Mounted Debug File System.
[[0;32m  OK  [0m] Mounted Debug File System.
[   23.622176] systemd[1]: Mounted Huge Pages File System.
[   23.695947] iscsi: registered transport (tcp)
[[0;32m  OK  [0m] Mounted Huge Pages File System.
[   23.722668] systemd[1]: Started Remount Root and Kernel File Systems.
[[0;32m  OK  [0m] Started Remount Root and Kernel File Systems.
[   23.980579] systemd[1]: Started Create list of required static device nodes for the current kernel.
[[0;32m  OK  [0m] Started Create list of required sta...ce nodes for the current kernel.
[   24.220483] systemd[1]: Started Set console keymap.
[[0;32m  OK  [0m] Started Set console keymap.
[   24.225254] systemd[1]: Started Uncomplicated firewall.
[[0;32m  OK  [0m] Started Uncomplicated firewall.
[   24.455188] systemd[1]: Started Journal Service.
[[0;32m  OK  [0m] Started Journal Service.
[[0;32m  OK  [0m] Started LVM2 metadata daemon.
         Starting Create Static Device Nodes in /dev...
         Starting Flush Journal to Persistent Storage...
         Starting Load/Save Random Seed...
[   24.611314] iscsi: registered transport (iser)
         Starting udev Coldplug all Devices...
         Starting Initial cloud-init job (pre-networking)...
[[0;32m  OK  [0m] Started Load Kernel Modules.
[[0;32m  OK  [0m] Started Nameserver information manager.
[[0;32m  OK  [0m] Started Load/Save Random Seed.
[   24.753770] systemd-journald[381]: Received request to flush runtime journal from PID 1
         Mounting FUSE Control File System...
         Starting Apply Kernel Variables...
[[0;32m  OK  [0m] Mounted FUSE Control File System.
[[0;32m  OK  [0m] Started udev Coldplug all Devices.
[[0;32m  OK  [0m] Started Flush Journal to Persistent Storage.
[[0;32m  OK  [0m] Started Apply Kernel Variables.
[[0;32m  OK  [0m] Started Monitoring of LVM2 mirrors,...ng dmeventd or progress polling.
[[0;32m  OK  [0m] Started Create Static Device Nodes in /dev.
         Starting udev Kernel Device Manager...
[[0;32m  OK  [0m] Started udev Kernel Device Manager.
[[0;32m  OK  [0m] Reached target Local File Systems (Pre).
[[0;32m  OK  [0m] Reached target Local File Systems.
         Starting Create Volatile Files and Directories...
         Starting Tell Plymouth To Write Out Runtime Data...
         Starting Commit a transient machine-id on disk...
         Starting Set console font and keymap...
         Starting LSB: AppArmor initialization...
[[0;32m  OK  [0m] Started Dispatch Password Requests to Console Directory Watch.
[[0;32m  OK  [0m] Started Create Volatile Files and Directories.
[[0;32m  OK  [0m] Reached target System Time Synchronized.
         Starting Update UTMP about System Boot/Shutdown...
[[0;32m  OK  [0m] Started Tell Plymouth To Write Out Runtime Data.
[[0;32m  OK  [0m] Started Commit a transient machine-id on disk.
[[0;32m  OK  [0m] Found device /dev/ttyS0.
[[0;32m  OK  [0m] Started Update UTMP about System Boot/Shutdown.
[[0;32m  OK  [0m] Listening on Load/Save RF Kill Switch Status /dev/rfkill Watch.
[[0;32m  OK  [0m] Started LSB: AppArmor initialization.
[[0;32m  OK  [0m] Started Set console font and keymap.
[[0;32m  OK  [0m] Created slice system-getty.slice.
[   30.073968] cloud-init[428]: Cloud-init v. 17.1 running 'init-local' at Thu, 16 Nov 2017 11:32:25 +0000. Up 29.38 seconds.
[[0;32m  OK  [0m] Started Initial cloud-init job (pre-networking).
[[0;32m  OK  [0m] Reached target Network (Pre).
         Starting Raise network interfaces...
[[0;32m  OK  [0m] Started Raise network interfaces.
         Starting Initial cloud-init job (metadata service crawler)...
[[0;32m  OK  [0m] Reached target Network.
[   37.720528] cloud-init[934]: Cloud-init v. 17.1 running 'init' at Thu, 16 Nov 2017 11:32:27 +0000. Up 31.33 seconds.
[   37.731747] cloud-init[934]: ci-info: +++++++++++++++++++++++++++++++++++++Net device info++++++++++++++++++++++++++++++++++++++
[[0;32m  OK  [0m] Started Initial cloud-init job (metadata service crawler).
[[   37.768086] cloud-init[934]: ci-info: +--------+------+----------------------------+---------------+-------+-------------------+
[0;32m  OK  [0m] Reached target Cloud-config availability.
[   37.777969] cloud-init[934]: ci-info: | Device |  Up  |          Address           |      Mask     | Scope |     Hw-Address    |
[   37.799227] cloud-init[934]: ci-info: +--------+------+----------------------------+---------------+-------+-------------------+
[   37.799342] cloud-init[934]: ci-info: | enp0s3 | True |         10.0.2.15          | 255.255.255.0 |   .   | 02:eb:a5:7d:f3:dc |
[   37.799485] cloud-init[934]: ci-info: | enp0s3 | True | fe80::eb:a5ff:fe7d:f3dc/64 |       .       |  link | 02:eb:a5:7d:f3:dc |
[   37.799654] cloud-init[934]: ci-info: |   lo   | True |         127.0.0.1          |   255.0.0.0   |   .   |         .         |
[   37.799989] cloud-init[934]: ci-info: |   lo   | True |          ::1/128           |       .       |  host |         .         |
[[0;32m  OK  [0m] Reached target Network is Online.
[   37.800214] cloud-init[934]: ci-info: +--------+------+----------------------------+---------------+-------+-------------------+
[   37.963258] cloud-init[934]: ci-info: +++++++++++++++++++++++++++Route IPv4 info++++++++++++++++++++++++++++
[   37.966609] cloud-init[934]: ci-info: +-------+-------------+----------+---------------+-----------+-------+
[   37.970826] cloud-init[934]: ci-info: | Route | Destination | Gateway  |    Genmask    | Interface | Flags |
[   37.999204] cloud-init[934]: ci-info: +-------+-------------+----------+---------------+-----------+-------+
[   37.999484] cloud-init[934]: ci-info: |   0   |   0.0.0.0   | 10.0.2.2 |    0.0.0.0    |   enp0s3  |   UG  |
         Starting iSCSI initiator daemon (iscsid)...
[[   37.999618] cloud-init[934]: ci-info: |   1   |   10.0.2.0  | 0.0.0.0  | 255.255.255.0 |   enp0s3  |   U   |
[   38.026592] cloud-init[934]: ci-info: +-------+-------------+----------+---------------+-----------+-------+
[0;32m  OK  [0m] Reached target System Initialization.
[[   38.027012] cloud-init[934]: Generating public/private rsa key pair.
[   38.086788] cloud-init[934]: Your identification has been saved in /etc/ssh/ssh_host_rsa_key.
[   38.086998] cloud-init[934]: Your public key has been saved in /etc/ssh/ssh_host_rsa_key.pub.
[   38.087314] cloud-init[934]: The key fingerprint is:
[   38.087597] cloud-init[934]: SHA256:DJYUODhpYgJ1yW+hDnL7lmgFwmRlBtsJ7A/T42mu0Wc root@ubuntu-xenial
[   38.087911] cloud-init[934]: The key's randomart image is:
[   38.088521] cloud-init[934]: +---[RSA 2048]----+
[   38.088818] cloud-init[934]: |+++B.oo.         |
[   38.089128] cloud-init[934]: |o=@.*...         |
[   38.089397] cloud-init[934]: |B+.+ ++.         |
[   38.089711] cloud-init[934]: |o=+o..oo         |
[   38.089920] cloud-init[934]: | +==o.  S        |
[   38.090170] cloud-init[934]: |  o=o            |
[   38.090461] cloud-init[934]: | .o= E           |
[   38.090707] cloud-init[934]: |  +.*            |
[   38.091225] cloud-init[934]: | o..             |
[   38.091470] cloud-init[934]: +----[SHA256]-----+
[   38.091755] cloud-init[934]: Generating public/private dsa key pair.
[   38.091992] cloud-init[934]: Your identification has been saved in /etc/ssh/ssh_host_dsa_key.
[   38.092539] cloud-init[934]: Your public key has been saved in /etc/ssh/ssh_host_dsa_key.pub.
[   38.092828] cloud-init[934]: The key fingerprint is:
[0;32m  OK  [0m] Listening on UUID daemon activation socket.
[   38.093060] cloud-init[934]: SHA256:JY7qWlYpuFI0yoxUm8NwnHmkzooenpyf5hazbmtqsh0 root@ubuntu-xenial
[   38.277844] cloud-init[934]: The key's randomart image is:
[   38.279621] cloud-init[934]: +---[DSA 1024]----+
[   38.286853] cloud-init[934]: | ..o+.           |
[   38.288555] cloud-init[934]: |  =++.           |
[   38.290183] cloud-init[934]: | .o*.   . .      |
[   38.290553] cloud-init[934]: |=ooo.  + o       |
[   38.290793] cloud-init[934]: |oooo. + S        |
[   38.291081] cloud-init[934]: |...+ +           |
[   38.291286] cloud-init[934]: |ooE B            |
[   38.291520] cloud-init[934]: |=++@.            |
         Starting LXD - unix socket.
[   38.291715] cloud-init[934]: |+O%Bo            |
[   38.324419] cloud-init[934]: +----[SHA256]-----+
[   38.334028] cloud-init[934]: Generating public/private ecdsa key pair.
[   38.355576] cloud-init[934]: Your identification has been saved in /etc/ssh/ssh_host_ecdsa_key.
[   38.372400] cloud-init[934]: Your public key has been saved in /etc/ssh/ssh_host_ecdsa_key.pub.
[   38.393777] cloud-init[934]: The key fingerprint is:
[   38.397215] cloud-init[934]: SHA256:rj/liWfrl6CkXvimrFCaZC6RWGlVLcm2A0nfVHUkF3Q root@ubuntu-xenial
[   38.397601] cloud-init[934]: The key's randomart image is:
[[0;32m  OK  [0m] Started ACPI Events Check.
[[   38.397732] cloud-init[934]: +---[ECDSA 256]---+
[   38.409789] cloud-init[934]: |   .o+.o....oo*.E|
[0;32m  OK  [0m] Reached target Paths.
[   38.409899] cloud-init[934]: |   oo.=o.    + . |
[   38.415296] cloud-init[934]: |  +  o.o.        |
[[0;32m  OK  [0m] Listening on ACPID Listen Socket.
[   38.415436] cloud-init[934]: |.+    o          |
[   38.457320] cloud-init[934]: |+ o .  .S        |
[[0;32m  OK  [0m] Started Daily Cleanup of Temporary Directories.
[[   38.457515] [0;32m  OK  [0mcloud-init] [934]: Listening on D-Bus System Message Bus Socket.| = +   o. o      |

[   38.524337] cloud-init[934]: |. =   .oo= o .   |
[   38.524574] cloud-init[934]: | . . ..+= = o    |
         Starting Socket activation for snappy daemon.
[[   38.524689] cloud-init[934]: |    .o=+o=oo     |
[0;32m  OK  [0m] Started Timer to automatically refresh installed snaps.
[[   38.563249] cloud-init[934]: +----[SHA256]-----+
[   38.592748] cloud-init[934]: Generating public/private ed25519 key pair.
[0;32m  OK  [0m] Started Daily apt download activities.
[   38.592813] cloud-init[934]: Your identification has been saved in /etc/ssh/ssh_host_ed25519_key.
[   38.616988] cloud-init[934]: Your public key has been saved in /etc/ssh/ssh_host_ed25519_key.pub.
[   38.617356] cloud-init[934]: The key fingerprint is:
[   38.617565] cloud-init[934]: SHA256:iSDa5JZAPQwqMJ+K34fplfGAhRJilPJYsrEH4PFoLBE root@ubuntu-xenial
[   38.617943] cloud-init[934]: The key's randomart image is:
[   38.618339] cloud-init[934]: +--[ED25519 256]--+
[   38.618726] cloud-init[934]: |EB*              |
[   38.618927] cloud-init[934]: |%*=* .           |
[[0;32m  OK  [0m] Started Daily apt upgrade and clean activities.
[   38.619175] cloud-init[934]: |*#*.+ .          |
[   38.677160] cloud-init[934]: |OBo+ + . .       |
[   38.677405] cloud-init[934]: |+.= . + S        |
[   38.677674] cloud-init[934]: | o . o =         |
[   38.677984] cloud-init[934]: |  . + + .        |
[   38.678213] cloud-init[934]: |   . o           |
[[0;32m  OK  [0m] Reached target Timers.
[   38.678924] cloud-init[934]: |    .            |
[   38.792194] cloud-init[934]: +----[SHA256]-----+
[[0;32m  OK  [0m] Listening on LXD - unix socket.
[[0;32m  OK  [0m] Listening on Socket activation for snappy daemon.
[[0;32m  OK  [0m] Reached target Sockets.
[[0;32m  OK  [0m] Reached target Basic System.
[[0;32m  OK  [0m] Started FUSE filesystem for LXC.
         Starting Apply the settings specified in cloud-config...
[[0;32m  OK  [0m] Started D-Bus System Message Bus.
         Starting LSB: MD monitoring daemon...
[[0;32m  OK  [0m] Started Deferred execution scheduler.
         Starting Pollinate to seed the pseudo random number generator...
         Starting Accounts Service...
[[0;32m  OK  [0m] Started Unattended Upgrades Shutdown.
         Starting LSB: Record successful boot for GRUB...
[[0;32m  OK  [0m] Started ACPI event daemon.
         Starting /etc/rc.local Compatibility...
         Starting System Logging Service...
         Starting Login Service...
         Starting Snappy daemon...
[[0;32m  OK  [0m] Started Regular background program processing daemon.
         Starting LXD - container startup/shutdown...
[[0;32m  OK  [0m] Started iSCSI initiator daemon (iscsid).
[[0;32m  OK  [0m] Started /etc/rc.local Compatibility.
         Starting Login to default iSCSI targets...
[   39.828108] cloud-init[1035]: Generating locales (this might take a while)...
[[0;32m  OK  [0m] Started Login Service.
[[0;32m  OK  [0m] Started LSB: Record successful boot for GRUB.
[[0;32m  OK  [0m] Started LSB: MD monitoring daemon.
[[0;32m  OK  [0m] Started System Logging Service.
[[0;32m  OK  [0m] Started Login to default iSCSI targets.
[[0;32m  OK  [0m] Reached target Remote File Systems (Pre).
[[0;32m  OK  [0m] Reached target Remote File Systems.
         Starting LSB: daemon to balance interrupts for SMP systems...
         Starting Permit User Sessions...
         Starting LSB: Set the CPU Frequency Scaling governor to "ondemand"...
         Starting LSB: automatic crash report generation...
         Starting LSB: VirtualBox Linux Additions...
[[0;32m  OK  [0m] Started Permit User Sessions.
[[0;32m  OK  [0m] Started LSB: Set the CPU Frequency Scaling governor to "ondemand".
         Starting Terminate Plymouth Boot Screen...
         Starting Hold until boot process finishes up...
[[0;32m  OK  [0m] Started LSB: daemon to balance interrupts for SMP systems.
[[0;32m  OK  [0m] Started LSB: automatic crash report generation.
[[0;32m  OK  [0m] Started Terminate Plymouth Boot Screen.
[[0;32m  OK  [0m] Started Hold until boot process finishes up.
         Starting Set console scheme...
[[0;32m  OK  [0m] Started Getty on tty1.
[[0;32m  OK  [0m] Started Serial Getty on ttyS0.
[[0;32m  OK  [0m] Reached target Login Prompts.
[[0;32m  OK  [0m] Started Set console scheme.
         Starting Authenticate and Authorize Users to Run Privileged Tasks...
[[0;32m  OK  [0m] Started LSB: VirtualBox Linux Additions.
[[0;32m  OK  [0m] Started Authenticate and Authorize Users to Run Privileged Tasks.
[[0;32m  OK  [0m] Started Accounts Service.
[   41.817861] cloud-init[1035]:   en_US.UTF-8... done
[   41.825052] cloud-init[1035]: Generation complete.
[[0;32m  OK  [0m] Started Pollinate to seed the pseudo random number generator.
[[0;32m  OK  [0m] Started Snappy daemon.
         Starting OpenBSD Secure Shell server...
[[0;32m  OK  [0m] Started LXD - container startup/shutdown.
[[0;32m  OK  [0m] Started OpenBSD Secure Shell server.
[[0;32m  OK  [0m] Reached target Multi-User System.
[[0;32m  OK  [0m] Reached target Graphical Interface.
         Starting Update UTMP about System Runlevel Changes...
[[0;32m  OK  [0m] Started Update UTMP about System Runlevel Changes.
         Stopping OpenBSD Secure Shell server...
[[0;32m  OK  [0m] Stopped OpenBSD Secure Shell server.
         Starting OpenBSD Secure Shell server...
[[0;32m  OK  [0m] Started OpenBSD Secure Shell server.
[[0;32m  OK  [0m] Created slice User Slice of ubuntu.
         Starting User Manager for UID 1000...
[[0;32m  OK  [0m] Started Session 1 of user ubuntu.
[[0;32m  OK  [0m] Started User Manager for UID 1000.
[   45.879118] cloud-init[1035]: Cloud-init v. 17.1 running 'modules:config' at Thu, 16 Nov 2017 11:32:35 +0000. Up 39.08 seconds.
ci-info: no authorized ssh keys fingerprints found for user ubuntu.
<14>Nov 16 11:32:42 ec2: 
<14>Nov 16 11:32:42 ec2: #############################################################
<14>Nov 16 11:32:42 ec2: -----BEGIN SSH HOST KEY FINGERPRINTS-----
<14>Nov 16 11:32:42 ec2: 1024 SHA256:JY7qWlYpuFI0yoxUm8NwnHmkzooenpyf5hazbmtqsh0 root@ubuntu-xenial (DSA)
<14>Nov 16 11:32:42 ec2: 256 SHA256:rj/liWfrl6CkXvimrFCaZC6RWGlVLcm2A0nfVHUkF3Q root@ubuntu-xenial (ECDSA)
<14>Nov 16 11:32:42 ec2: 256 SHA256:iSDa5JZAPQwqMJ+K34fplfGAhRJilPJYsrEH4PFoLBE root@ubuntu-xenial (ED25519)
<14>Nov 16 11:32:42 ec2: 2048 SHA256:DJYUODhpYgJ1yW+hDnL7lmgFwmRlBtsJ7A/T42mu0Wc root@ubuntu-xenial (RSA)
<14>Nov 16 11:32:42 ec2: -----END SSH HOST KEY FINGERPRINTS-----
<14>Nov 16 11:32:42 ec2: #############################################################
-----BEGIN SSH HOST KEY KEYS-----
ecdsa-sha2-nistp256 AAAAE2VjZHNhLXNoYTItbmlzdHAyNTYAAAAIbmlzdHAyNTYAAABBBGVZVHQ+ZGis0imvr48fzWpsVcmMht/xMsmOCbml04jfxUlsmWPW4mKsEKMcYLRNpGAqjMT7szocaOGoPjmjboA= root@ubuntu-xenial
ssh-ed25519 AAAAC3NzaC1lZDI1NTE5AAAAIJm4vX0T2ie68kJyZ+T4ZZVAJ8A5LvDsHNxjqMdSnM0w root@ubuntu-xenial
ssh-rsa AAAAB3NzaC1yc2EAAAADAQABAAABAQCvkMbWNtxO9jw6KAKjvs5E7V99+cxwGvk0x8uB90/EESqtbvYKrlCUHZWAKd++GNg61jxgBpHWRJU8K2pfdLpYXAHbI38qjOFLj8DosG32Jdt8aGBY/NciXC5wGmI6sCPIUWHZfLgiiRbelQZSV/gu65urSexxiTlu37mA4x/7P9MLen17KEKlUQQc4L/6jCyZn/kEGJukVLO4RcbsexCX85v1EfTdY4YWL0pOE6X4AbAwHL9+F2CkLWT1tkDBowBg4G+IrU2SNl1uerhIfR55zD3Ah+BK20blqXfNvAk6fhfjns55CDVL8wuCVErTdY6sHbsqWWjW0eL+ODe4XRcD root@ubuntu-xenial
-----END SSH HOST KEY KEYS-----
[   46.623949] cloud-init[1366]: Cloud-init v. 17.1 running 'modules:final' at Thu, 16 Nov 2017 11:32:42 +0000. Up 46.14 seconds.
[   46.624131] cloud-init[1366]: ci-info: no authorized ssh keys fingerprints found for user ubuntu.
[   46.624234] cloud-init[1366]: Cloud-init v. 17.1 finished at Thu, 16 Nov 2017 11:32:42 +0000. Datasource DataSourceNoCloud [seed=/dev/sdb][dsmode=net].  Up 46.61 seconds

Ubuntu 16.04.3 LTS ubuntu-xenial ttyS0

ubuntu-xenial login: [ 1262.860785] sd 2:0:0:0: [sda] tag#11 Medium access timeout failure. Offlining disk!
[ 1273.815294] blk_update_request: I/O error, dev sda, sector 6043648
[ 1274.459157] Buffer I/O error on device sda1, logical block 755200
[ 1275.123038] Buffer I/O error on device sda1, logical block 755201
[ 1275.728596] Buffer I/O error on device sda1, logical block 755202
[ 1276.324350] Buffer I/O error on device sda1, logical block 755203
[ 1276.617528] Buffer I/O error on device sda1, logical block 755204
[ 1276.998208] Buffer I/O error on device sda1, logical block 755205
[ 1277.390349] Buffer I/O error on device sda1, logical block 755206
[ 1277.730710] Buffer I/O error on device sda1, logical block 755207
[ 1278.365514] Buffer I/O error on device sda1, logical block 755208
[ 1278.366237] Buffer I/O error on device sda1, logical block 755209
[ 1278.990642] sd 2:0:0:0: rejecting I/O to offline device
[ 1279.020274] sd 2:0:0:0: rejecting I/O to offline device
[ 1279.020893] sd 2:0:0:0: rejecting I/O to offline device
[ 1279.021502] sd 2:0:0:0: rejecting I/O to offline device
[ 1279.022112] sd 2:0:0:0: rejecting I/O to offline device
[ 1279.022719] sd 2:0:0:0: rejecting I/O to offline device
[ 1279.023333] sd 2:0:0:0: rejecting I/O to offline device
[ 1279.023941] sd 2:0:0:0: rejecting I/O to offline device
[ 1279.024550] sd 2:0:0:0: rejecting I/O to offline device
[ 1279.025317] sd 2:0:0:0: rejecting I/O to offline device
[ 1279.026072] sd 2:0:0:0: rejecting I/O to offline device
[ 1279.026830] sd 2:0:0:0: rejecting I/O to offline device
[ 1279.027612] sd 2:0:0:0: rejecting I/O to offline device
[ 1279.028379] sd 2:0:0:0: rejecting I/O to offline device
[ 1279.029218] sd 2:0:0:0: rejecting I/O to offline device
[ 1279.030036] sd 2:0:0:0: rejecting I/O to offline device
[ 1279.030861] sd 2:0:0:0: rejecting I/O to offline device
[ 1279.031686] sd 2:0:0:0: rejecting I/O to offline device
[ 1279.527960] sd 2:0:0:0: rejecting I/O to offline device
[ 1280.104151] sd 2:0:0:0: rejecting I/O to offline device
[ 1280.641337] sd 2:0:0:0: rejecting I/O to offline device
[ 1281.188239] sd 2:0:0:0: rejecting I/O to offline device
[ 1281.735173] sd 2:0:0:0: rejecting I/O to offline device
[ 1282.018391] sd 2:0:0:0: rejecting I/O to offline device
[ 1282.379875] sd 2:0:0:0: rejecting I/O to offline device
[ 1282.399710] sd 2:0:0:0: rejecting I/O to offline device
[ 1282.907111] sd 2:0:0:0: rejecting I/O to offline device
[ 1283.444310] sd 2:0:0:0: rejecting I/O to offline device
[ 1283.991190] sd 2:0:0:0: rejecting I/O to offline device
[ 1284.098652] sd 2:0:0:0: rejecting I/O to offline device
[ 1284.665132] sd 2:0:0:0: rejecting I/O to offline device
[ 1284.811593] sd 2:0:0:0: rejecting I/O to offline device
[ 1285.368277] sd 2:0:0:0: rejecting I/O to offline device
[ 1285.915212] sd 2:0:0:0: rejecting I/O to offline device
[ 1285.935212] sd 2:0:0:0: rejecting I/O to offline device
[ 1286.432871] sd 2:0:0:0: rejecting I/O to offline device
[ 1286.950494] sd 2:0:0:0: rejecting I/O to offline device
[ 1286.952424] sd 2:0:0:0: rejecting I/O to offline device
[ 1286.953186] sd 2:0:0:0: rejecting I/O to offline device
[ 1286.953964] sd 2:0:0:0: rejecting I/O to offline device
[ 1286.954702] sd 2:0:0:0: rejecting I/O to offline device
[ 1286.955476] sd 2:0:0:0: rejecting I/O to offline device
[ 1286.956235] sd 2:0:0:0: rejecting I/O to offline device
[ 1286.956984] sd 2:0:0:0: rejecting I/O to offline device
[ 1286.957737] sd 2:0:0:0: rejecting I/O to offline device
[ 1286.958492] sd 2:0:0:0: rejecting I/O to offline device
[ 1286.959261] sd 2:0:0:0: rejecting I/O to offline device
[ 1286.960003] sd 2:0:0:0: rejecting I/O to offline device
[ 1286.960741] sd 2:0:0:0: rejecting I/O to offline device
[ 1286.961498] sd 2:0:0:0: rejecting I/O to offline device
[ 1286.969963] sd 2:0:0:0: rejecting I/O to offline device
[ 1286.970748] sd 2:0:0:0: rejecting I/O to offline device
[ 1286.971496] sd 2:0:0:0: rejecting I/O to offline device
[ 1286.972242] sd 2:0:0:0: rejecting I/O to offline device
[ 1286.972991] blk_update_request: I/O error, dev sda, sector 6041600
[ 1286.976696] Buffer I/O error on device sda1, logical block 754944
[ 1286.977504] Buffer I/O error on device sda1, logical block 754945
[ 1286.978274] Buffer I/O error on device sda1, logical block 754946
[ 1286.978354] sd 2:0:0:0: rejecting I/O to offline device
[ 1286.978363] sd 2:0:0:0: rejecting I/O to offline device
[ 1286.978367] sd 2:0:0:0: rejecting I/O to offline device
[ 1286.978370] sd 2:0:0:0: rejecting I/O to offline device
[ 1286.978376] sd 2:0:0:0: rejecting I/O to offline device
[ 1286.978380] sd 2:0:0:0: rejecting I/O to offline device
[ 1286.978382] sd 2:0:0:0: rejecting I/O to offline device
[ 1286.978385] sd 2:0:0:0: rejecting I/O to offline device
[ 1286.978392] sd 2:0:0:0: rejecting I/O to offline device
[ 1286.978400] Buffer I/O error on device sda1, logical block 628851
[ 1286.978402] Buffer I/O error on device sda1, logical block 628852
[ 1286.978403] Buffer I/O error on device sda1, logical block 628853
[ 1286.978408] Buffer I/O error on device sda1, logical block 628854
[ 1286.978413] Buffer I/O error on device sda1, logical block 628855
[ 1286.978414] Buffer I/O error on device sda1, logical block 628856
[ 1286.978415] Buffer I/O error on device sda1, logical block 628857
[ 1286.978442] sd 2:0:0:0: rejecting I/O to offline device
[ 1286.978462] sd 2:0:0:0: rejecting I/O to offline device
[ 1286.978465] sd 2:0:0:0: rejecting I/O to offline device
[ 1286.978593] sd 2:0:0:0: rejecting I/O to offline device
[ 1286.978718] sd 2:0:0:0: rejecting I/O to offline device
[ 1286.978842] sd 2:0:0:0: rejecting I/O to offline device
[ 1286.978967] sd 2:0:0:0: rejecting I/O to offline device
[ 1286.985410] sd 2:0:0:0: rejecting I/O to offline device
[ 1286.985421] sd 2:0:0:0: rejecting I/O to offline device
[ 1286.985427] sd 2:0:0:0: rejecting I/O to offline device
[ 1286.985563] sd 2:0:0:0: rejecting I/O to offline device
[ 1286.985689] sd 2:0:0:0: rejecting I/O to offline device
[ 1286.985816] sd 2:0:0:0: rejecting I/O to offline device
[ 1286.985941] sd 2:0:0:0: rejecting I/O to offline device
[ 1286.985945] sd 2:0:0:0: rejecting I/O to offline device
[ 1286.986079] sd 2:0:0:0: rejecting I/O to offline device
[ 1286.986082] sd 2:0:0:0: rejecting I/O to offline device
[ 1286.986085] sd 2:0:0:0: rejecting I/O to offline device
[ 1286.986212] sd 2:0:0:0: rejecting I/O to offline device
[ 1286.986216] sd 2:0:0:0: rejecting I/O to offline device
[ 1286.986342] sd 2:0:0:0: rejecting I/O to offline device
[ 1286.986469] sd 2:0:0:0: rejecting I/O to offline device
[ 1286.986594] sd 2:0:0:0: rejecting I/O to offline device
[ 1286.989036] sd 2:0:0:0: rejecting I/O to offline device
[ 1286.989084] sd 2:0:0:0: rejecting I/O to offline device
[ 1286.989134] sd 2:0:0:0: rejecting I/O to offline device
[ 1286.989181] sd 2:0:0:0: rejecting I/O to offline device
[ 1286.989230] sd 2:0:0:0: rejecting I/O to offline device
[ 1286.989277] sd 2:0:0:0: rejecting I/O to offline device
[ 1286.989324] sd 2:0:0:0: rejecting I/O to offline device
[ 1286.989342] sd 2:0:0:0: rejecting I/O to offline device
[ 1286.989389] sd 2:0:0:0: rejecting I/O to offline device
[ 1286.989436] sd 2:0:0:0: rejecting I/O to offline device
[ 1286.989483] sd 2:0:0:0: rejecting I/O to offline device
[ 1286.989530] sd 2:0:0:0: rejecting I/O to offline device
[ 1286.989578] sd 2:0:0:0: rejecting I/O to offline device
[ 1286.989625] sd 2:0:0:0: rejecting I/O to offline device
[ 1286.989672] sd 2:0:0:0: rejecting I/O to offline device
[ 1286.989720] sd 2:0:0:0: rejecting I/O to offline device
[ 1287.000698] sd 2:0:0:0: rejecting I/O to offline device
[ 1287.000751] sd 2:0:0:0: rejecting I/O to offline device
[ 1287.000800] sd 2:0:0:0: rejecting I/O to offline device
[ 1287.000849] sd 2:0:0:0: rejecting I/O to offline device
[ 1287.000896] sd 2:0:0:0: rejecting I/O to offline device
[ 1287.000942] sd 2:0:0:0: rejecting I/O to offline device
[ 1287.000990] sd 2:0:0:0: rejecting I/O to offline device
[ 1287.001040] sd 2:0:0:0: rejecting I/O to offline device
[ 1287.001089] sd 2:0:0:0: rejecting I/O to offline device
[ 1287.001137] sd 2:0:0:0: rejecting I/O to offline device
[ 1287.001186] sd 2:0:0:0: rejecting I/O to offline device
[ 1287.001187] sd 2:0:0:0: rejecting I/O to offline device
[ 1287.043968] blk_update_request: I/O error, dev sda, sector 6039552
[ 1287.047771] blk_update_request: I/O error, dev sda, sector 6037504
[ 1287.049795] blk_update_request: I/O error, dev sda, sector 6035456
[ 1287.053337] blk_update_request: I/O error, dev sda, sector 6033408
[ 1287.057316] blk_update_request: I/O error, dev sda, sector 6031360
[ 1287.061300] blk_update_request: I/O error, dev sda, sector 6029312
[ 1287.067744] blk_update_request: I/O error, dev sda, sector 6027264
[ 1287.069831] blk_update_request: I/O error, dev sda, sector 6025216
[ 1287.075463] blk_update_request: I/O error, dev sda, sector 6023168
[ 1287.078114] sd 2:0:0:0: rejecting I/O to offline device
[ 1287.083040] sd 2:0:0:0: rejecting I/O to offline device
[ 1287.083735] sd 2:0:0:0: rejecting I/O to offline device
[ 1287.085539] Aborting journal on device sda1-8.
[ 1287.087230] sd 2:0:0:0: rejecting I/O to offline device
[ 1287.513532] sd 2:0:0:0: rejecting I/O to offline device
[ 1287.648132] sd 2:0:0:0: rejecting I/O to offline device
[ 1287.648247] JBD2: Error -5 detected when updating journal superblock for sda1-8.
[ 1288.542973] EXT4-fs error (device sda1): ext4_journal_check_start:56: [ 1288.543228] EXT4-fs error (device sda1): ext4_journal_check_start:56: [ 1288.543230] EXT4-fs (sda1): Remounting filesystem read-only
[ 1288.543232] EXT4-fs (sda1): previous I/O error to superblock detected
[ 1288.543302] sd 2:0:0:0: rejecting I/O to offline device
[ 1288.544842] sd 2:0:0:0: rejecting I/O to offline device
[ 1288.544846] sd 2:0:0:0: rejecting I/O to offline device
[ 1288.546108] sd 2:0:0:0: rejecting I/O to offline device
[ 1288.546113] EXT4-fs error (device sda1): ext4_find_entry:1450: inode #273860: comm python3: reading directory lblock 0
[ 1288.546114] EXT4-fs (sda1): previous I/O error to superblock detected
[ 1288.546117] sd 2:0:0:0: rejecting I/O to offline device
[ 1288.546409] sd 2:0:0:0: rejecting I/O to offline device
[ 1288.546412] EXT4-fs error (device sda1): ext4_find_entry:1450: inode #273860: comm python3: reading directory lblock 0
[ 1288.546413] EXT4-fs (sda1): previous I/O error to superblock detected
[ 1288.546415] sd 2:0:0:0: rejecting I/O to offline device
[ 1288.547651] sd 2:0:0:0: rejecting I/O to offline device
[ 1288.547654] EXT4-fs error (device sda1): ext4_find_entry:1450: inode #273860: comm python3: reading directory lblock 0
[ 1288.547655] EXT4-fs (sda1): previous I/O error to superblock detected
[ 1288.547657] sd 2:0:0:0: rejecting I/O to offline device
[ 1288.547843] sd 2:0:0:0: rejecting I/O to offline device
[ 1288.547846] EXT4-fs error (device sda1): ext4_find_entry:1450: inode #273860: comm python3: reading directory lblock 0
[ 1288.547847] EXT4-fs (sda1): previous I/O error to superblock detected
[ 1288.547848] sd 2:0:0:0: rejecting I/O to offline device
[ 1288.548745] sd 2:0:0:0: rejecting I/O to offline device
[ 1288.548748] EXT4-fs error (device sda1): ext4_find_entry:1450: inode #273859: comm python3: reading directory lblock 0
[ 1288.548749] EXT4-fs (sda1): previous I/O error to superblock detected
[ 1288.548751] sd 2:0:0:0: rejecting I/O to offline device
[ 1288.548971] sd 2:0:0:0: rejecting I/O to offline device
[ 1288.549675] sd 2:0:0:0: rejecting I/O to offline device
[ 1288.549679] EXT4-fs error (device sda1): ext4_find_entry:1450: inode #273860: comm python3: reading directory lblock 0
[ 1288.549680] EXT4-fs (sda1): previous I/O error to superblock detected
[ 1288.549681] sd 2:0:0:0: rejecting I/O to offline device
[ 1288.549896] sd 2:0:0:0: rejecting I/O to offline device
[ 1288.549900] EXT4-fs error (device sda1): ext4_find_entry:1450: inode #273860: comm python3: reading directory lblock 0
[ 1288.549900] EXT4-fs (sda1): previous I/O error to superblock detected
[ 1288.549902] sd 2:0:0:0: rejecting I/O to offline device
[ 1288.551527] sd 2:0:0:0: rejecting I/O to offline device
[ 1288.552286] sd 2:0:0:0: rejecting I/O to offline device
[ 1288.552290] EXT4-fs error (device sda1): ext4_find_entry:1450: inode #273860: comm python3: reading directory lblock 0
[ 1288.552291] EXT4-fs (sda1): previous I/O error to superblock detected
[ 1288.552292] sd 2:0:0:0: rejecting I/O to offline device
[ 1288.552494] sd 2:0:0:0: rejecting I/O to offline device
[ 1288.552497] EXT4-fs error (device sda1): ext4_find_entry:1450: inode #273860: comm python3: reading directory lblock 0
[ 1288.552499] sd 2:0:0:0: rejecting I/O to offline device
[ 1288.552595] sd 2:0:0:0: rejecting I/O to offline device
[ 1288.552598] EXT4-fs error (device sda1): ext4_find_entry:1450: inode #273859: comm python3: reading directory lblock 0
[ 1288.552599] sd 2:0:0:0: rejecting I/O to offline device
[ 1288.554028] sd 2:0:0:0: rejecting I/O to offline device
[ 1288.554039] sd 2:0:0:0: rejecting I/O to offline device
[ 1288.559292] sd 2:0:0:0: rejecting I/O to offline device
[ 1288.559297] sd 2:0:0:0: rejecting I/O to offline device
[ 1288.559575] sd 2:0:0:0: rejecting I/O to offline device
[ 1288.560353] sd 2:0:0:0: rejecting I/O to offline device
[ 1288.560358] sd 2:0:0:0: rejecting I/O to offline device
[ 1288.560569] sd 2:0:0:0: rejecting I/O to offline device
[ 1288.560573] sd 2:0:0:0: rejecting I/O to offline device
[ 1288.563048] sd 2:0:0:0: rejecting I/O to offline device
[ 1288.563053] sd 2:0:0:0: rejecting I/O to offline device
[ 1288.563214] sd 2:0:0:0: rejecting I/O to offline device
[ 1288.563218] sd 2:0:0:0: rejecting I/O to offline device
[ 1288.564362] sd 2:0:0:0: rejecting I/O to offline device
[ 1288.564367] sd 2:0:0:0: rejecting I/O to offline device
[ 1288.564521] sd 2:0:0:0: rejecting I/O to offline device
[ 1288.564525] sd 2:0:0:0: rejecting I/O to offline device
[ 1288.565098] sd 2:0:0:0: rejecting I/O to offline device
[ 1288.565102] sd 2:0:0:0: rejecting I/O to offline device
[ 1288.565261] sd 2:0:0:0: rejecting I/O to offline device
[ 1288.565264] sd 2:0:0:0: rejecting I/O to offline device
[ 1288.565990] sd 2:0:0:0: rejecting I/O to offline device
[ 1288.565994] sd 2:0:0:0: rejecting I/O to offline device
[ 1288.566154] sd 2:0:0:0: rejecting I/O to offline device
[ 1288.566158] sd 2:0:0:0: rejecting I/O to offline device
[ 1288.566971] sd 2:0:0:0: rejecting I/O to offline device
[ 1288.566975] sd 2:0:0:0: rejecting I/O to offline device
[ 1288.567133] sd 2:0:0:0: rejecting I/O to offline device
[ 1288.567137] sd 2:0:0:0: rejecting I/O to offline device
[ 1288.567861] sd 2:0:0:0: rejecting I/O to offline device
[ 1288.567865] sd 2:0:0:0: rejecting I/O to offline device
[ 1288.567985] sd 2:0:0:0: rejecting I/O to offline device
[ 1288.567989] sd 2:0:0:0: rejecting I/O to offline device
[ 1288.568697] sd 2:0:0:0: rejecting I/O to offline device
[ 1288.568701] sd 2:0:0:0: rejecting I/O to offline device
[ 1288.568884] sd 2:0:0:0: rejecting I/O to offline device
[ 1288.568888] sd 2:0:0:0: rejecting I/O to offline device
[ 1288.571092] sd 2:0:0:0: rejecting I/O to offline device
[ 1288.571732] sd 2:0:0:0: rejecting I/O to offline device
[ 1288.571737] sd 2:0:0:0: rejecting I/O to offline device
[ 1288.571976] sd 2:0:0:0: rejecting I/O to offline device
[ 1288.571980] sd 2:0:0:0: rejecting I/O to offline device
[ 1288.572274] sd 2:0:0:0: rejecting I/O to offline device
[ 1288.572278] sd 2:0:0:0: rejecting I/O to offline device
[ 1288.572822] sd 2:0:0:0: rejecting I/O to offline device
[ 1288.573376] sd 2:0:0:0: rejecting I/O to offline device
[ 1288.573380] sd 2:0:0:0: rejecting I/O to offline device
[ 1288.573579] sd 2:0:0:0: rejecting I/O to offline device
[ 1288.573583] sd 2:0:0:0: rejecting I/O to offline device
[ 1288.617568] sd 2:0:0:0: rejecting I/O to offline device
[ 1288.617578] sd 2:0:0:0: rejecting I/O to offline device
[ 1288.617992] sd 2:0:0:0: rejecting I/O to offline device
[ 1288.619676] sd 2:0:0:0: rejecting I/O to offline device
[ 1288.619681] sd 2:0:0:0: rejecting I/O to offline device
[ 1288.619915] sd 2:0:0:0: rejecting I/O to offline device
[ 1288.619920] sd 2:0:0:0: rejecting I/O to offline device
[ 1288.629567] sd 2:0:0:0: rejecting I/O to offline device
[ 1288.630262] sd 2:0:0:0: rejecting I/O to offline device
[ 1288.630267] sd 2:0:0:0: rejecting I/O to offline device
[ 1288.630465] sd 2:0:0:0: rejecting I/O to offline device
[ 1288.630470] sd 2:0:0:0: rejecting I/O to offline device
[ 1288.630762] sd 2:0:0:0: rejecting I/O to offline device
[ 1288.630766] sd 2:0:0:0: rejecting I/O to offline device
[ 1288.948158] sd 2:0:0:0: rejecting I/O to offline device
[ 1288.950127] sd 2:0:0:0: rejecting I/O to offline device
[ 1288.950145] sd 2:0:0:0: rejecting I/O to offline device
[ 1288.950781] sd 2:0:0:0: rejecting I/O to offline device
[ 1288.950796] sd 2:0:0:0: rejecting I/O to offline device
[ 1288.951178] sd 2:0:0:0: rejecting I/O to offline device
[ 1288.951192] sd 2:0:0:0: rejecting I/O to offline device
[ 1288.963333] sd 2:0:0:0: rejecting I/O to offline device
[ 1288.963345] sd 2:0:0:0: rejecting I/O to offline device
[ 1288.964197] sd 2:0:0:0: rejecting I/O to offline device
[ 1288.965707] sd 2:0:0:0: rejecting I/O to offline device
[ 1288.965721] sd 2:0:0:0: rejecting I/O to offline device
[ 1288.966144] sd 2:0:0:0: rejecting I/O to offline device
[ 1288.966152] sd 2:0:0:0: rejecting I/O to offline device
[ 1288.970316] sd 2:0:0:0: rejecting I/O to offline device
[ 1288.970321] sd 2:0:0:0: rejecting I/O to offline device
[ 1288.970616] sd 2:0:0:0: rejecting I/O to offline device
[ 1288.970620] sd 2:0:0:0: rejecting I/O to offline device
[ 1288.972628] sd 2:0:0:0: rejecting I/O to offline device
[ 1288.972632] sd 2:0:0:0: rejecting I/O to offline device
[ 1288.972868] sd 2:0:0:0: rejecting I/O to offline device
[ 1288.973406] sd 2:0:0:0: rejecting I/O to offline device
[ 1288.973411] sd 2:0:0:0: rejecting I/O to offline device
[ 1288.973643] sd 2:0:0:0: rejecting I/O to offline device
[ 1288.973647] sd 2:0:0:0: rejecting I/O to offline device
[ 1288.980549] sd 2:0:0:0: rejecting I/O to offline device
[ 1288.980558] sd 2:0:0:0: rejecting I/O to offline device
[ 1288.980869] sd 2:0:0:0: rejecting I/O to offline device
[ 1288.980873] sd 2:0:0:0: rejecting I/O to offline device
[ 1288.981020] sd 2:0:0:0: rejecting I/O to offline device
[ 1288.981023] sd 2:0:0:0: rejecting I/O to offline device
[ 1288.988690] sd 2:0:0:0: rejecting I/O to offline device
[ 1288.988694] sd 2:0:0:0: rejecting I/O to offline device
[ 1288.989055] sd 2:0:0:0: rejecting I/O to offline device
[ 1288.989822] sd 2:0:0:0: rejecting I/O to offline device
[ 1288.989826] sd 2:0:0:0: rejecting I/O to offline device
[ 1288.990131] sd 2:0:0:0: rejecting I/O to offline device
[ 1288.990135] sd 2:0:0:0: rejecting I/O to offline device
[ 1288.990591] sd 2:0:0:0: rejecting I/O to offline device
[ 1288.990595] sd 2:0:0:0: rejecting I/O to offline device
[ 1288.997314] sd 2:0:0:0: rejecting I/O to offline device
[ 1288.997379] sd 2:0:0:0: rejecting I/O to offline device
[ 1288.997900] sd 2:0:0:0: rejecting I/O to offline device
[ 1288.998981] sd 2:0:0:0: rejecting I/O to offline device
[ 1288.998986] sd 2:0:0:0: rejecting I/O to offline device
[ 1288.999197] sd 2:0:0:0: rejecting I/O to offline device
[ 1288.999200] sd 2:0:0:0: rejecting I/O to offline device
[ 1288.999537] sd 2:0:0:0: rejecting I/O to offline device
[ 1288.999541] sd 2:0:0:0: rejecting I/O to offline device
[ 1288.999749] sd 2:0:0:0: rejecting I/O to offline device

[ 1303.346329] sd 2:0:0:0: rejecting I/O to offline device
[ 1303.876011] sd 2:0:0:0: rejecting I/O to offline device
[ 1304.355463] sd 2:0:0:0: rejecting I/O to offline device
[ 1304.881759] EXT4-fs error (device sda1): ext4_find_entry:1450: inode #273798: comm python3: reading directory lblock 0
[ 1306.014884] EXT4-fs (sda1): previous I/O error to superblock detected
[ 1306.678911] sd 2:0:0:0: rejecting I/O to offline device
[ 1306.796031] sd 2:0:0:0: rejecting I/O to offline device
[ 1307.032240] sd 2:0:0:0: rejecting I/O to offline device
[ 1307.041320] sd 2:0:0:0: rejecting I/O to offline device
[ 1307.142968] sd 2:0:0:0: rejecting I/O to offline device
[ 1307.145523] sd 2:0:0:0: rejecting I/O to offline device
[ 1307.190363] sd 2:0:0:0: rejecting I/O to offline device
[ 1307.194206] sd 2:0:0:0: rejecting I/O to offline device
[ 1307.198034] sd 2:0:0:0: rejecting I/O to offline device
[ 1307.202454] sd 2:0:0:0: rejecting I/O to offline device
[ 1307.212273] sd 2:0:0:0: rejecting I/O to offline device
[ 1307.220090] sd 2:0:0:0: rejecting I/O to offline device
[ 1307.374753] sd 2:0:0:0: rejecting I/O to offline device
[ 1307.532981] sd 2:0:0:0: rejecting I/O to offline device
[ 1307.608951] sd 2:0:0:0: rejecting I/O to offline device
[ 1307.612070] sd 2:0:0:0: rejecting I/O to offline device
[ 1307.615378] sd 2:0:0:0: rejecting I/O to offline device
[ 1307.617568] sd 2:0:0:0: rejecting I/O to offline device
[ 1307.620385] sd 2:0:0:0: rejecting I/O to offline device
[ 1307.623867] sd 2:0:0:0: rejecting I/O to offline device
[ 1307.627276] sd 2:0:0:0: rejecting I/O to offline device
[ 1307.631524] sd 2:0:0:0: rejecting I/O to offline device
[ 1307.633672] sd 2:0:0:0: rejecting I/O to offline device
[ 1307.642700] sd 2:0:0:0: rejecting I/O to offline device
[ 1307.648842] sd 2:0:0:0: rejecting I/O to offline device
[ 1307.651351] sd 2:0:0:0: rejecting I/O to offline device
[ 1308.368570] sd 2:0:0:0: rejecting I/O to offline device
[ 1308.410464] sd 2:0:0:0: rejecting I/O to offline device
[ 1309.316183] sd 2:0:0:0: rejecting I/O to offline device
[ 1309.339448] sd 2:0:0:0: rejecting I/O to offline device
[ 1309.346752] sd 2:0:0:0: rejecting I/O to offline device
[ 1309.348540] EXT4-fs error (device sda1): ext4_find_entry:1450: inode #273968: comm python3: reading directory lblock 0
[ 1309.349952] EXT4-fs (sda1): previous I/O error to superblock detected
[ 1309.351840] sd 2:0:0:0: rejecting I/O to offline device
[ 1315.519918] sd 2:0:0:0: rejecting I/O to offline device
[ 1315.610127] sd 2:0:0:0: rejecting I/O to offline device
[ 1315.612170] sd 2:0:0:0: rejecting I/O to offline device
[ 1315.613165] sd 2:0:0:0: rejecting I/O to offline device
[ 1315.623306] sd 2:0:0:0: rejecting I/O to offline device
[ 1315.630494] sd 2:0:0:0: rejecting I/O to offline device
[ 1315.771511] sd 2:0:0:0: rejecting I/O to offline device
